Archive member included to satisfy reference by file (symbol)

/home/faoziaziz/Ac6/SystemWorkbench/plugins/fr.ac6.mcu.externaltools.arm-none.linux64_1.15.0.201708311556/tools/compiler/bin/../lib/gcc/arm-none-eabi/6.3.1/thumb/v7e-m/fpv4-sp/hard/libgcc.a(_aeabi_uldivmod.o)
                              Drivers/STM32F4xx_HAL_Driver/stm32f4xx_hal_rcc.o (__aeabi_uldivmod)
/home/faoziaziz/Ac6/SystemWorkbench/plugins/fr.ac6.mcu.externaltools.arm-none.linux64_1.15.0.201708311556/tools/compiler/bin/../lib/gcc/arm-none-eabi/6.3.1/thumb/v7e-m/fpv4-sp/hard/libgcc.a(_udivmoddi4.o)
                              /home/faoziaziz/Ac6/SystemWorkbench/plugins/fr.ac6.mcu.externaltools.arm-none.linux64_1.15.0.201708311556/tools/compiler/bin/../lib/gcc/arm-none-eabi/6.3.1/thumb/v7e-m/fpv4-sp/hard/libgcc.a(_aeabi_uldivmod.o) (__udivmoddi4)
/home/faoziaziz/Ac6/SystemWorkbench/plugins/fr.ac6.mcu.externaltools.arm-none.linux64_1.15.0.201708311556/tools/compiler/bin/../lib/gcc/arm-none-eabi/6.3.1/thumb/v7e-m/fpv4-sp/hard/libgcc.a(_dvmd_tls.o)
                              /home/faoziaziz/Ac6/SystemWorkbench/plugins/fr.ac6.mcu.externaltools.arm-none.linux64_1.15.0.201708311556/tools/compiler/bin/../lib/gcc/arm-none-eabi/6.3.1/thumb/v7e-m/fpv4-sp/hard/libgcc.a(_aeabi_uldivmod.o) (__aeabi_ldiv0)
/home/faoziaziz/Ac6/SystemWorkbench/plugins/fr.ac6.mcu.externaltools.arm-none.linux64_1.15.0.201708311556/tools/compiler/bin/../lib/gcc/arm-none-eabi/6.3.1/../../../../arm-none-eabi/lib/thumb/v7e-m/fpv4-sp/hard/libc_nano.a(lib_a-exit.o)
                              /home/faoziaziz/Ac6/SystemWorkbench/plugins/fr.ac6.mcu.externaltools.arm-none.linux64_1.15.0.201708311556/tools/compiler/bin/../lib/gcc/arm-none-eabi/6.3.1/../../../../arm-none-eabi/lib/thumb/v7e-m/fpv4-sp/hard/crt0.o (exit)
/home/faoziaziz/Ac6/SystemWorkbench/plugins/fr.ac6.mcu.externaltools.arm-none.linux64_1.15.0.201708311556/tools/compiler/bin/../lib/gcc/arm-none-eabi/6.3.1/../../../../arm-none-eabi/lib/thumb/v7e-m/fpv4-sp/hard/libc_nano.a(lib_a-impure.o)
                              /home/faoziaziz/Ac6/SystemWorkbench/plugins/fr.ac6.mcu.externaltools.arm-none.linux64_1.15.0.201708311556/tools/compiler/bin/../lib/gcc/arm-none-eabi/6.3.1/../../../../arm-none-eabi/lib/thumb/v7e-m/fpv4-sp/hard/libc_nano.a(lib_a-exit.o) (_global_impure_ptr)
/home/faoziaziz/Ac6/SystemWorkbench/plugins/fr.ac6.mcu.externaltools.arm-none.linux64_1.15.0.201708311556/tools/compiler/bin/../lib/gcc/arm-none-eabi/6.3.1/../../../../arm-none-eabi/lib/thumb/v7e-m/fpv4-sp/hard/libc_nano.a(lib_a-init.o)
                              /home/faoziaziz/Ac6/SystemWorkbench/plugins/fr.ac6.mcu.externaltools.arm-none.linux64_1.15.0.201708311556/tools/compiler/bin/../lib/gcc/arm-none-eabi/6.3.1/../../../../arm-none-eabi/lib/thumb/v7e-m/fpv4-sp/hard/crt0.o (__libc_init_array)
/home/faoziaziz/Ac6/SystemWorkbench/plugins/fr.ac6.mcu.externaltools.arm-none.linux64_1.15.0.201708311556/tools/compiler/bin/../lib/gcc/arm-none-eabi/6.3.1/../../../../arm-none-eabi/lib/thumb/v7e-m/fpv4-sp/hard/libc_nano.a(lib_a-memcpy-stub.o)
                              Middlewares/FreeRTOS/queue.o (memcpy)
/home/faoziaziz/Ac6/SystemWorkbench/plugins/fr.ac6.mcu.externaltools.arm-none.linux64_1.15.0.201708311556/tools/compiler/bin/../lib/gcc/arm-none-eabi/6.3.1/../../../../arm-none-eabi/lib/thumb/v7e-m/fpv4-sp/hard/libc_nano.a(lib_a-memset.o)
                              /home/faoziaziz/Ac6/SystemWorkbench/plugins/fr.ac6.mcu.externaltools.arm-none.linux64_1.15.0.201708311556/tools/compiler/bin/../lib/gcc/arm-none-eabi/6.3.1/../../../../arm-none-eabi/lib/thumb/v7e-m/fpv4-sp/hard/crt0.o (memset)
/home/faoziaziz/Ac6/SystemWorkbench/plugins/fr.ac6.mcu.externaltools.arm-none.linux64_1.15.0.201708311556/tools/compiler/bin/../lib/gcc/arm-none-eabi/6.3.1/../../../../arm-none-eabi/lib/thumb/v7e-m/fpv4-sp/hard/libnosys.a(_exit.o)
                              /home/faoziaziz/Ac6/SystemWorkbench/plugins/fr.ac6.mcu.externaltools.arm-none.linux64_1.15.0.201708311556/tools/compiler/bin/../lib/gcc/arm-none-eabi/6.3.1/../../../../arm-none-eabi/lib/thumb/v7e-m/fpv4-sp/hard/libc_nano.a(lib_a-exit.o) (_exit)

Allocating common symbols
Common symbol       size              file

defaultTaskHandle   0x4               Application/User/main.o
LedKedipHandle      0x4               Application/User/main.o
uwTick              0x4               Drivers/STM32F4xx_HAL_Driver/stm32f4xx_hal.o
xQueueRegistry      0x40              Middlewares/FreeRTOS/queue.o
pFlash              0x20              Drivers/STM32F4xx_HAL_Driver/stm32f4xx_hal_flash.o
huart1              0x40              Application/User/main.o

Discarded input sections

 .text          0x0000000000000000        0x0 /home/faoziaziz/Ac6/SystemWorkbench/plugins/fr.ac6.mcu.externaltools.arm-none.linux64_1.15.0.201708311556/tools/compiler/bin/../lib/gcc/arm-none-eabi/6.3.1/thumb/v7e-m/fpv4-sp/hard/crti.o
[...]
Memory Configuration

Name             Origin             Length             Attributes
RAM              0x0000000020000000 0x0000000000020000 xrw
CCMRAM           0x0000000010000000 0x0000000000010000 rw
FLASH            0x0000000008000000 0x0000000000100000 xr
*default*        0x0000000000000000 0xffffffffffffffff

Linker script and memory map

LOAD /home/faoziaziz/Ac6/SystemWorkbench/plugins/fr.ac6.mcu.externaltools.arm-none.linux64_1.15.0.201708311556/tools/compiler/bin/../lib/gcc/arm-none-eabi/6.3.1/thumb/v7e-m/fpv4-sp/hard/crti.o
LOAD /home/faoziaziz/Ac6/SystemWorkbench/plugins/fr.ac6.mcu.externaltools.arm-none.linux64_1.15.0.201708311556/tools/compiler/bin/../lib/gcc/arm-none-eabi/6.3.1/thumb/v7e-m/fpv4-sp/hard/crtbegin.o
LOAD /home/faoziaziz/Ac6/SystemWorkbench/plugins/fr.ac6.mcu.externaltools.arm-none.linux64_1.15.0.201708311556/tools/compiler/bin/../lib/gcc/arm-none-eabi/6.3.1/../../../../arm-none-eabi/lib/thumb/v7e-m/fpv4-sp/hard/crt0.o
LOAD Application/SW4STM32/startup_stm32f407xx.o
LOAD Application/User/freertos.o
LOAD Application/User/main.o
LOAD Application/User/stm32f4xx_hal_msp.o
LOAD Application/User/stm32f4xx_it.o
LOAD Drivers/CMSIS/system_stm32f4xx.o
LOAD Drivers/STM32F4xx_HAL_Driver/stm32f4xx_hal.o
LOAD Drivers/STM32F4xx_HAL_Driver/stm32f4xx_hal_cortex.o
LOAD Drivers/STM32F4xx_HAL_Driver/stm32f4xx_hal_dma.o
LOAD Drivers/STM32F4xx_HAL_Driver/stm32f4xx_hal_dma_ex.o
LOAD Drivers/STM32F4xx_HAL_Driver/stm32f4xx_hal_flash.o
LOAD Drivers/STM32F4xx_HAL_Driver/stm32f4xx_hal_flash_ex.o
LOAD Drivers/STM32F4xx_HAL_Driver/stm32f4xx_hal_flash_ramfunc.o
LOAD Drivers/STM32F4xx_HAL_Driver/stm32f4xx_hal_gpio.o
LOAD Drivers/STM32F4xx_HAL_Driver/stm32f4xx_hal_pwr.o
LOAD Drivers/STM32F4xx_HAL_Driver/stm32f4xx_hal_pwr_ex.o
LOAD Drivers/STM32F4xx_HAL_Driver/stm32f4xx_hal_rcc.o
LOAD Drivers/STM32F4xx_HAL_Driver/stm32f4xx_hal_rcc_ex.o
LOAD Drivers/STM32F4xx_HAL_Driver/stm32f4xx_hal_tim.o
LOAD Drivers/STM32F4xx_HAL_Driver/stm32f4xx_hal_tim_ex.o
LOAD Drivers/STM32F4xx_HAL_Driver/stm32f4xx_hal_uart.o
LOAD Middlewares/FreeRTOS/cmsis_os.o
LOAD Middlewares/FreeRTOS/croutine.o
LOAD Middlewares/FreeRTOS/event_groups.o
LOAD Middlewares/FreeRTOS/heap_4.o
LOAD Middlewares/FreeRTOS/list.o
LOAD Middlewares/FreeRTOS/port.o
LOAD Middlewares/FreeRTOS/queue.o
LOAD Middlewares/FreeRTOS/tasks.o
LOAD Middlewares/FreeRTOS/timers.o
LOAD /home/faoziaziz/Ac6/SystemWorkbench/plugins/fr.ac6.mcu.externaltools.arm-none.linux64_1.15.0.201708311556/tools/compiler/bin/../lib/gcc/arm-none-eabi/6.3.1/../../../../arm-none-eabi/lib/thumb/v7e-m/fpv4-sp/hard/libm.a
START GROUP
LOAD /home/faoziaziz/Ac6/SystemWorkbench/plugins/fr.ac6.mcu.externaltools.arm-none.linux64_1.15.0.201708311556/tools/compiler/bin/../lib/gcc/arm-none-eabi/6.3.1/thumb/v7e-m/fpv4-sp/hard/libgcc.a
LOAD /home/faoziaziz/Ac6/SystemWorkbench/plugins/fr.ac6.mcu.externaltools.arm-none.linux64_1.15.0.201708311556/tools/compiler/bin/../lib/gcc/arm-none-eabi/6.3.1/../../../../arm-none-eabi/lib/thumb/v7e-m/fpv4-sp/hard/libc_nano.a
END GROUP
START GROUP
LOAD /home/faoziaziz/Ac6/SystemWorkbench/plugins/fr.ac6.mcu.externaltools.arm-none.linux64_1.15.0.201708311556/tools/compiler/bin/../lib/gcc/arm-none-eabi/6.3.1/thumb/v7e-m/fpv4-sp/hard/libgcc.a
LOAD /home/faoziaziz/Ac6/SystemWorkbench/plugins/fr.ac6.mcu.externaltools.arm-none.linux64_1.15.0.201708311556/tools/compiler/bin/../lib/gcc/arm-none-eabi/6.3.1/../../../../arm-none-eabi/lib/thumb/v7e-m/fpv4-sp/hard/libc_nano.a
LOAD /home/faoziaziz/Ac6/SystemWorkbench/plugins/fr.ac6.mcu.externaltools.arm-none.linux64_1.15.0.201708311556/tools/compiler/bin/../lib/gcc/arm-none-eabi/6.3.1/../../../../arm-none-eabi/lib/thumb/v7e-m/fpv4-sp/hard/libnosys.a
END GROUP
START GROUP
LOAD /home/faoziaziz/Ac6/SystemWorkbench/plugins/fr.ac6.mcu.externaltools.arm-none.linux64_1.15.0.201708311556/tools/compiler/bin/../lib/gcc/arm-none-eabi/6.3.1/thumb/v7e-m/fpv4-sp/hard/libgcc.a
LOAD /home/faoziaziz/Ac6/SystemWorkbench/plugins/fr.ac6.mcu.externaltools.arm-none.linux64_1.15.0.201708311556/tools/compiler/bin/../lib/gcc/arm-none-eabi/6.3.1/../../../../arm-none-eabi/lib/thumb/v7e-m/fpv4-sp/hard/libc_nano.a
LOAD /home/faoziaziz/Ac6/SystemWorkbench/plugins/fr.ac6.mcu.externaltools.arm-none.linux64_1.15.0.201708311556/tools/compiler/bin/../lib/gcc/arm-none-eabi/6.3.1/../../../../arm-none-eabi/lib/thumb/v7e-m/fpv4-sp/hard/libnosys.a
END GROUP
LOAD /home/faoziaziz/Ac6/SystemWorkbench/plugins/fr.ac6.mcu.externaltools.arm-none.linux64_1.15.0.201708311556/tools/compiler/bin/../lib/gcc/arm-none-eabi/6.3.1/thumb/v7e-m/fpv4-sp/hard/crtend.o
LOAD /home/faoziaziz/Ac6/SystemWorkbench/plugins/fr.ac6.mcu.externaltools.arm-none.linux64_1.15.0.201708311556/tools/compiler/bin/../lib/gcc/arm-none-eabi/6.3.1/thumb/v7e-m/fpv4-sp/hard/crtn.o
                0x0000000020020000                _estack = 0x20020000
                0x0000000000000200                _Min_Heap_Size = 0x200
                0x0000000000000400                _Min_Stack_Size = 0x400

.isr_vector     0x0000000008000000      0x188
                0x0000000008000000                . = ALIGN (0x4)
 *(.isr_vector)
 .isr_vector    0x0000000008000000      0x188 Application/SW4STM32/startup_stm32f407xx.o
                0x0000000008000000                g_pfnVectors
                0x0000000008000188                . = ALIGN (0x4)

.text           0x0000000008000190     0x20f0
                0x0000000008000190                . = ALIGN (0x4)
 *(.text)
 .text          0x0000000008000190       0x6c /home/faoziaziz/Ac6/SystemWorkbench/plugins/fr.ac6.mcu.externaltools.arm-none.linux64_1.15.0.201708311556/tools/compiler/bin/../lib/gcc/arm-none-eabi/6.3.1/thumb/v7e-m/fpv4-sp/hard/crtbegin.o
 .text          0x00000000080001fc       0x30 /home/faoziaziz/Ac6/SystemWorkbench/plugins/fr.ac6.mcu.externaltools.arm-none.linux64_1.15.0.201708311556/tools/compiler/bin/../lib/gcc/arm-none-eabi/6.3.1/thumb/v7e-m/fpv4-sp/hard/libgcc.a(_aeabi_uldivmod.o)
                0x00000000080001fc                __aeabi_uldivmod
 .text          0x000000000800022c      0x2dc /home/faoziaziz/Ac6/SystemWorkbench/plugins/fr.ac6.mcu.externaltools.arm-none.linux64_1.15.0.201708311556/tools/compiler/bin/../lib/gcc/arm-none-eabi/6.3.1/thumb/v7e-m/fpv4-sp/hard/libgcc.a(_udivmoddi4.o)
                0x000000000800022c                __udivmoddi4
 .text          0x0000000008000508        0x4 /home/faoziaziz/Ac6/SystemWorkbench/plugins/fr.ac6.mcu.externaltools.arm-none.linux64_1.15.0.201708311556/tools/compiler/bin/../lib/gcc/arm-none-eabi/6.3.1/thumb/v7e-m/fpv4-sp/hard/libgcc.a(_dvmd_tls.o)
                0x0000000008000508                __aeabi_ldiv0
                0x0000000008000508                __aeabi_idiv0
 *(.text*)
 .text.Reset_Handler
                0x000000000800050c       0x50 Application/SW4STM32/startup_stm32f407xx.o
                0x000000000800050c                Reset_Handler
 .text.Default_Handler
                0x000000000800055c        0x2 Application/SW4STM32/startup_stm32f407xx.o
                0x000000000800055c                RTC_Alarm_IRQHandler
                0x000000000800055c                HASH_RNG_IRQHandler
                0x000000000800055c                EXTI2_IRQHandler
                0x000000000800055c                TIM8_CC_IRQHandler
                0x000000000800055c                TIM1_CC_IRQHandler
                0x000000000800055c                DMA2_Stream5_IRQHandler
                0x000000000800055c                DMA1_Stream5_IRQHandler
                0x000000000800055c                PVD_IRQHandler
                0x000000000800055c                SDIO_IRQHandler
                0x000000000800055c                TAMP_STAMP_IRQHandler
                0x000000000800055c                CAN2_RX1_IRQHandler
                0x000000000800055c                EXTI3_IRQHandler
                0x000000000800055c                TIM8_TRG_COM_TIM14_IRQHandler
                0x000000000800055c                TIM1_UP_TIM10_IRQHandler
                0x000000000800055c                TIM8_UP_TIM13_IRQHandler
                0x000000000800055c                I2C3_ER_IRQHandler
                0x000000000800055c                EXTI0_IRQHandler
                0x000000000800055c                I2C2_EV_IRQHandler
                0x000000000800055c                DMA1_Stream2_IRQHandler
                0x000000000800055c                CAN1_RX0_IRQHandler
                0x000000000800055c                FPU_IRQHandler
                0x000000000800055c                OTG_HS_WKUP_IRQHandler
                0x000000000800055c                CAN2_SCE_IRQHandler
                0x000000000800055c                DMA2_Stream2_IRQHandler
                0x000000000800055c                SPI1_IRQHandler
                0x000000000800055c                TIM6_DAC_IRQHandler
                0x000000000800055c                TIM1_BRK_TIM9_IRQHandler
                0x000000000800055c                DCMI_IRQHandler
                0x000000000800055c                CAN2_RX0_IRQHandler
                0x000000000800055c                DMA2_Stream3_IRQHandler
                0x000000000800055c                USART6_IRQHandler
                0x000000000800055c                USART3_IRQHandler
                0x000000000800055c                CAN1_RX1_IRQHandler
                0x000000000800055c                UART5_IRQHandler
                0x000000000800055c                DMA2_Stream0_IRQHandler
                0x000000000800055c                TIM4_IRQHandler
                0x000000000800055c                I2C1_EV_IRQHandler
                0x000000000800055c                DMA1_Stream6_IRQHandler
                0x000000000800055c                DMA1_Stream1_IRQHandler
                0x000000000800055c                UART4_IRQHandler
                0x000000000800055c                TIM3_IRQHandler
                0x000000000800055c                RCC_IRQHandler
                0x000000000800055c                TIM8_BRK_TIM12_IRQHandler
                0x000000000800055c                Default_Handler
                0x000000000800055c                EXTI15_10_IRQHandler
                0x000000000800055c                ADC_IRQHandler
                0x000000000800055c                DMA1_Stream7_IRQHandler
                0x000000000800055c                TIM7_IRQHandler
                0x000000000800055c                CAN2_TX_IRQHandler
                0x000000000800055c                TIM5_IRQHandler
                0x000000000800055c                DMA2_Stream7_IRQHandler
                0x000000000800055c                I2C3_EV_IRQHandler
                0x000000000800055c                EXTI9_5_IRQHandler
                0x000000000800055c                RTC_WKUP_IRQHandler
                0x000000000800055c                ETH_WKUP_IRQHandler
                0x000000000800055c                SPI2_IRQHandler
                0x000000000800055c                OTG_HS_EP1_IN_IRQHandler
                0x000000000800055c                DMA1_Stream0_IRQHandler
                0x000000000800055c                CAN1_TX_IRQHandler
                0x000000000800055c                EXTI4_IRQHandler
                0x000000000800055c                FSMC_IRQHandler
                0x000000000800055c                ETH_IRQHandler
                0x000000000800055c                OTG_HS_EP1_OUT_IRQHandler
                0x000000000800055c                WWDG_IRQHandler
                0x000000000800055c                TIM2_IRQHandler
                0x000000000800055c                OTG_FS_WKUP_IRQHandler
                0x000000000800055c                TIM1_TRG_COM_TIM11_IRQHandler
                0x000000000800055c                OTG_HS_IRQHandler
                0x000000000800055c                EXTI1_IRQHandler
                0x000000000800055c                USART2_IRQHandler
                0x000000000800055c                I2C2_ER_IRQHandler
                0x000000000800055c                DMA2_Stream1_IRQHandler
                0x000000000800055c                CAN1_SCE_IRQHandler
                0x000000000800055c                FLASH_IRQHandler
                0x000000000800055c                DMA2_Stream4_IRQHandler
                0x000000000800055c                USART1_IRQHandler
                0x000000000800055c                OTG_FS_IRQHandler
                0x000000000800055c                SPI3_IRQHandler
                0x000000000800055c                DMA1_Stream4_IRQHandler
                0x000000000800055c                I2C1_ER_IRQHandler
                0x000000000800055c                DMA2_Stream6_IRQHandler
                0x000000000800055c                DMA1_Stream3_IRQHandler
 *fill*         0x000000000800055e        0x2 
 .text.MX_GPIO_Init
                0x0000000008000560       0x5c Application/User/main.o
 .text.StartDefaultTask
                0x00000000080005bc        0xa Application/User/main.o
                0x00000000080005bc                StartDefaultTask
 *fill*         0x00000000080005c6        0x2 
 .text.MulaiKedip
                0x00000000080005c8       0x18 Application/User/main.o
                0x00000000080005c8                MulaiKedip
 .text._Error_Handler
                0x00000000080005e0        0x2 Application/User/main.o
                0x00000000080005e0                _Error_Handler
 *fill*         0x00000000080005e2        0x2 
 .text.MX_USART1_UART_Init
                0x00000000080005e4       0x3c Application/User/main.o
 .text.SystemClock_Config
                0x0000000008000620       0xc4 Application/User/main.o
                0x0000000008000620                SystemClock_Config
 .text.main     0x00000000080006e4       0x58 Application/User/main.o
                0x00000000080006e4                main
 .text.HAL_MspInit
                0x000000000800073c       0x5e Application/User/stm32f4xx_hal_msp.o
                0x000000000800073c                HAL_MspInit
 *fill*         0x000000000800079a        0x2 
 .text.HAL_UART_MspInit
                0x000000000800079c       0x58 Application/User/stm32f4xx_hal_msp.o
                0x000000000800079c                HAL_UART_MspInit
 .text.NMI_Handler
                0x00000000080007f4        0x2 Application/User/stm32f4xx_it.o
                0x00000000080007f4                NMI_Handler
 .text.HardFault_Handler
                0x00000000080007f6        0x2 Application/User/stm32f4xx_it.o
                0x00000000080007f6                HardFault_Handler
 .text.MemManage_Handler
                0x00000000080007f8        0x2 Application/User/stm32f4xx_it.o
                0x00000000080007f8                MemManage_Handler
 .text.BusFault_Handler
                0x00000000080007fa        0x2 Application/User/stm32f4xx_it.o
                0x00000000080007fa                BusFault_Handler
 .text.UsageFault_Handler
                0x00000000080007fc        0x2 Application/User/stm32f4xx_it.o
                0x00000000080007fc                UsageFault_Handler
 .text.DebugMon_Handler
                0x00000000080007fe        0x2 Application/User/stm32f4xx_it.o
                0x00000000080007fe                DebugMon_Handler
 .text.SysTick_Handler
                0x0000000008000800        0xc Application/User/stm32f4xx_it.o
                0x0000000008000800                SysTick_Handler
 .text.SystemInit
                0x000000000800080c       0x4c Drivers/CMSIS/system_stm32f4xx.o
                0x000000000800080c                SystemInit
 .text.HAL_InitTick
                0x0000000008000858       0x48 Drivers/STM32F4xx_HAL_Driver/stm32f4xx_hal.o
                0x0000000008000858                HAL_InitTick
 .text.HAL_Init
                0x00000000080008a0       0x34 Drivers/STM32F4xx_HAL_Driver/stm32f4xx_hal.o
                0x00000000080008a0                HAL_Init
 .text.HAL_IncTick
                0x00000000080008d4       0x18 Drivers/STM32F4xx_HAL_Driver/stm32f4xx_hal.o
                0x00000000080008d4                HAL_IncTick
 .text.HAL_GetTick
                0x00000000080008ec        0xc Drivers/STM32F4xx_HAL_Driver/stm32f4xx_hal.o
                0x00000000080008ec                HAL_GetTick
 .text.HAL_Delay
                0x00000000080008f8       0x28 Drivers/STM32F4xx_HAL_Driver/stm32f4xx_hal.o
                0x00000000080008f8                HAL_Delay
 .text.HAL_NVIC_SetPriorityGrouping
                0x0000000008000920       0x24 Drivers/STM32F4xx_HAL_Driver/stm32f4xx_hal_cortex.o
                0x0000000008000920                HAL_NVIC_SetPriorityGrouping
 .text.HAL_NVIC_SetPriority
                0x0000000008000944       0x64 Drivers/STM32F4xx_HAL_Driver/stm32f4xx_hal_cortex.o
                0x0000000008000944                HAL_NVIC_SetPriority
 .text.HAL_SYSTICK_Config
                0x00000000080009a8       0x2c Drivers/STM32F4xx_HAL_Driver/stm32f4xx_hal_cortex.o
                0x00000000080009a8                HAL_SYSTICK_Config
 .text.HAL_SYSTICK_CLKSourceConfig
                0x00000000080009d4       0x20 Drivers/STM32F4xx_HAL_Driver/stm32f4xx_hal_cortex.o
                0x00000000080009d4                HAL_SYSTICK_CLKSourceConfig
 .text.HAL_GPIO_Init
                0x00000000080009f4      0x1cc Drivers/STM32F4xx_HAL_Driver/stm32f4xx_hal_gpio.o
                0x00000000080009f4                HAL_GPIO_Init
 .text.HAL_GPIO_WritePin
                0x0000000008000bc0        0xc Drivers/STM32F4xx_HAL_Driver/stm32f4xx_hal_gpio.o
                0x0000000008000bc0                HAL_GPIO_WritePin
 .text.HAL_GPIO_TogglePin
                0x0000000008000bcc        0x8 Drivers/STM32F4xx_HAL_Driver/stm32f4xx_hal_gpio.o
                0x0000000008000bcc                HAL_GPIO_TogglePin
 .text.HAL_RCC_OscConfig
                0x0000000008000bd4      0x398 Drivers/STM32F4xx_HAL_Driver/stm32f4xx_hal_rcc.o
                0x0000000008000bd4                HAL_RCC_OscConfig
 .text.HAL_RCC_GetSysClockFreq
                0x0000000008000f6c       0xa4 Drivers/STM32F4xx_HAL_Driver/stm32f4xx_hal_rcc.o
                0x0000000008000f6c                HAL_RCC_GetSysClockFreq
 .text.HAL_RCC_ClockConfig
                0x0000000008001010      0x158 Drivers/STM32F4xx_HAL_Driver/stm32f4xx_hal_rcc.o
                0x0000000008001010                HAL_RCC_ClockConfig
 .text.HAL_RCC_GetHCLKFreq
                0x0000000008001168        0xc Drivers/STM32F4xx_HAL_Driver/stm32f4xx_hal_rcc.o
                0x0000000008001168                HAL_RCC_GetHCLKFreq
 .text.HAL_RCC_GetPCLK1Freq
                0x0000000008001174       0x20 Drivers/STM32F4xx_HAL_Driver/stm32f4xx_hal_rcc.o
                0x0000000008001174                HAL_RCC_GetPCLK1Freq
 .text.HAL_RCC_GetPCLK2Freq
                0x0000000008001194       0x20 Drivers/STM32F4xx_HAL_Driver/stm32f4xx_hal_rcc.o
                0x0000000008001194                HAL_RCC_GetPCLK2Freq
 .text.UART_SetConfig
                0x00000000080011b4      0x344 Drivers/STM32F4xx_HAL_Driver/stm32f4xx_hal_uart.o
 .text.HAL_UART_Init
                0x00000000080014f8       0x5e Drivers/STM32F4xx_HAL_Driver/stm32f4xx_hal_uart.o
                0x00000000080014f8                HAL_UART_Init
 .text.makeFreeRtosPriority
                0x0000000008001556        0xc Middlewares/FreeRTOS/cmsis_os.o
 .text.osKernelStart
                0x0000000008001562        0xa Middlewares/FreeRTOS/cmsis_os.o
                0x0000000008001562                osKernelStart
 .text.osThreadCreate
                0x000000000800156c       0x34 Middlewares/FreeRTOS/cmsis_os.o
                0x000000000800156c                osThreadCreate
 .text.osDelay  0x00000000080015a0       0x12 Middlewares/FreeRTOS/cmsis_os.o
                0x00000000080015a0                osDelay
 .text.osSystickHandler
                0x00000000080015b2       0x10 Middlewares/FreeRTOS/cmsis_os.o
                0x00000000080015b2                osSystickHandler
 *fill*         0x00000000080015c2        0x2 
 .text.prvHeapInit
                0x00000000080015c4       0x58 Middlewares/FreeRTOS/heap_4.o
 .text.prvInsertBlockIntoFreeList
                0x000000000800161c       0x58 Middlewares/FreeRTOS/heap_4.o
 .text.pvPortMalloc
                0x0000000008001674      0x10c Middlewares/FreeRTOS/heap_4.o
                0x0000000008001674                pvPortMalloc
 .text.vPortFree
                0x0000000008001780       0x70 Middlewares/FreeRTOS/heap_4.o
                0x0000000008001780                vPortFree
 .text.vListInitialise
                0x00000000080017f0       0x16 Middlewares/FreeRTOS/list.o
                0x00000000080017f0                vListInitialise
 .text.vListInitialiseItem
                0x0000000008001806        0x6 Middlewares/FreeRTOS/list.o
                0x0000000008001806                vListInitialiseItem
 .text.vListInsertEnd
                0x000000000800180c       0x18 Middlewares/FreeRTOS/list.o
                0x000000000800180c                vListInsertEnd
 .text.vListInsert
                0x0000000008001824       0x34 Middlewares/FreeRTOS/list.o
                0x0000000008001824                vListInsert
 .text.uxListRemove
                0x0000000008001858       0x26 Middlewares/FreeRTOS/list.o
                0x0000000008001858                uxListRemove
 *fill*         0x000000000800187e        0x2 
 .text.prvTaskExitError
                0x0000000008001880       0x34 Middlewares/FreeRTOS/port.o
 .text.prvPortStartFirstTask
                0x00000000080018b4       0x20 Middlewares/FreeRTOS/port.o
 .text.vPortEnableVFP
                0x00000000080018d4       0x14 Middlewares/FreeRTOS/port.o
 .text.pxPortInitialiseStack
                0x00000000080018e8       0x2c Middlewares/FreeRTOS/port.o
                0x00000000080018e8                pxPortInitialiseStack
 *fill*         0x0000000008001914        0xc 
 .text.SVC_Handler
                0x0000000008001920       0x24 Middlewares/FreeRTOS/port.o
                0x0000000008001920                SVC_Handler
 .text.vPortEnterCritical
                0x0000000008001944       0x44 Middlewares/FreeRTOS/port.o
                0x0000000008001944                vPortEnterCritical
 .text.vPortExitCritical
                0x0000000008001988       0x2c Middlewares/FreeRTOS/port.o
                0x0000000008001988                vPortExitCritical
 *fill*         0x00000000080019b4        0xc 
 .text.PendSV_Handler
                0x00000000080019c0       0x64 Middlewares/FreeRTOS/port.o
                0x00000000080019c0                PendSV_Handler
 .text.xPortSysTickHandler
                0x0000000008001a24       0x2c Middlewares/FreeRTOS/port.o
                0x0000000008001a24                xPortSysTickHandler
 .text.vPortSetupTimerInterrupt
                0x0000000008001a50       0x2c Middlewares/FreeRTOS/port.o
                0x0000000008001a50                vPortSetupTimerInterrupt
 .text.xPortStartScheduler
                0x0000000008001a7c       0xe8 Middlewares/FreeRTOS/port.o
                0x0000000008001a7c                xPortStartScheduler
 .text.prvResetNextTaskUnblockTime
                0x0000000008001b64       0x2c Middlewares/FreeRTOS/tasks.o
 .text.prvDeleteTCB
                0x0000000008001b90       0x12 Middlewares/FreeRTOS/tasks.o
 .text.prvInitialiseNewTask
                0x0000000008001ba2       0x80 Middlewares/FreeRTOS/tasks.o
 *fill*         0x0000000008001c22        0x2 
 .text.prvInitialiseTaskLists
                0x0000000008001c24       0x58 Middlewares/FreeRTOS/tasks.o
 .text.prvAddNewTaskToReadyList
                0x0000000008001c7c       0xac Middlewares/FreeRTOS/tasks.o
 .text.prvAddCurrentTaskToDelayedList
                0x0000000008001d28       0x88 Middlewares/FreeRTOS/tasks.o
 .text.xTaskCreate
                0x0000000008001db0       0x62 Middlewares/FreeRTOS/tasks.o
                0x0000000008001db0                xTaskCreate
 *fill*         0x0000000008001e12        0x2 
 .text.vTaskStartScheduler
                0x0000000008001e14       0x74 Middlewares/FreeRTOS/tasks.o
                0x0000000008001e14                vTaskStartScheduler
 .text.vTaskSuspendAll
                0x0000000008001e88       0x14 Middlewares/FreeRTOS/tasks.o
                0x0000000008001e88                vTaskSuspendAll
 .text.xTaskIncrementTick
                0x0000000008001e9c      0x114 Middlewares/FreeRTOS/tasks.o
                0x0000000008001e9c                xTaskIncrementTick
 .text.xTaskResumeAll
                0x0000000008001fb0       0xf4 Middlewares/FreeRTOS/tasks.o
                0x0000000008001fb0                xTaskResumeAll
 .text.vTaskDelay
                0x00000000080020a4       0x50 Middlewares/FreeRTOS/tasks.o
                0x00000000080020a4                vTaskDelay
 .text.prvCheckTasksWaitingTermination
                0x00000000080020f4       0x54 Middlewares/FreeRTOS/tasks.o
 .text.prvIdleTask
                0x0000000008002148       0x28 Middlewares/FreeRTOS/tasks.o
 .text.vTaskSwitchContext
                0x0000000008002170       0x90 Middlewares/FreeRTOS/tasks.o
                0x0000000008002170                vTaskSwitchContext
 .text.xTaskGetSchedulerState
                0x0000000008002200       0x20 Middlewares/FreeRTOS/tasks.o
                0x0000000008002200                xTaskGetSchedulerState
 .text.__libc_init_array
                0x0000000008002220       0x48 /home/faoziaziz/Ac6/SystemWorkbench/plugins/fr.ac6.mcu.externaltools.arm-none.linux64_1.15.0.201708311556/tools/compiler/bin/../lib/gcc/arm-none-eabi/6.3.1/../../../../arm-none-eabi/lib/thumb/v7e-m/fpv4-sp/hard/libc_nano.a(lib_a-init.o)
                0x0000000008002220                __libc_init_array
 *(.glue_7)
 .glue_7        0x0000000008002268        0x0 linker stubs
 *(.glue_7t)
 .glue_7t       0x0000000008002268        0x0 linker stubs
 *(.eh_frame)
 .eh_frame      0x0000000008002268        0x0 /home/faoziaziz/Ac6/SystemWorkbench/plugins/fr.ac6.mcu.externaltools.arm-none.linux64_1.15.0.201708311556/tools/compiler/bin/../lib/gcc/arm-none-eabi/6.3.1/thumb/v7e-m/fpv4-sp/hard/crtbegin.o
 *(.init)
 .init          0x0000000008002268        0x4 /home/faoziaziz/Ac6/SystemWorkbench/plugins/fr.ac6.mcu.externaltools.arm-none.linux64_1.15.0.201708311556/tools/compiler/bin/../lib/gcc/arm-none-eabi/6.3.1/thumb/v7e-m/fpv4-sp/hard/crti.o
                0x0000000008002268                _init
 .init          0x000000000800226c        0x8 /home/faoziaziz/Ac6/SystemWorkbench/plugins/fr.ac6.mcu.externaltools.arm-none.linux64_1.15.0.201708311556/tools/compiler/bin/../lib/gcc/arm-none-eabi/6.3.1/thumb/v7e-m/fpv4-sp/hard/crtn.o
 *(.fini)
 .fini          0x0000000008002274        0x4 /home/faoziaziz/Ac6/SystemWorkbench/plugins/fr.ac6.mcu.externaltools.arm-none.linux64_1.15.0.201708311556/tools/compiler/bin/../lib/gcc/arm-none-eabi/6.3.1/thumb/v7e-m/fpv4-sp/hard/crti.o
                0x0000000008002274                _fini
 .fini          0x0000000008002278        0x8 /home/faoziaziz/Ac6/SystemWorkbench/plugins/fr.ac6.mcu.externaltools.arm-none.linux64_1.15.0.201708311556/tools/compiler/bin/../lib/gcc/arm-none-eabi/6.3.1/thumb/v7e-m/fpv4-sp/hard/crtn.o
                0x0000000008002280                . = ALIGN (0x4)
                0x0000000008002280                _etext = .

.vfp11_veneer   0x0000000008002280        0x0
 .vfp11_veneer  0x0000000008002280        0x0 linker stubs

.v4_bx          0x0000000008002280        0x0
 .v4_bx         0x0000000008002280        0x0 linker stubs

.iplt           0x0000000008002280        0x0
 .iplt          0x0000000008002280        0x0 /home/faoziaziz/Ac6/SystemWorkbench/plugins/fr.ac6.mcu.externaltools.arm-none.linux64_1.15.0.201708311556/tools/compiler/bin/../lib/gcc/arm-none-eabi/6.3.1/thumb/v7e-m/fpv4-sp/hard/crtbegin.o

.rodata         0x0000000008002280       0xa0
                0x0000000008002280                . = ALIGN (0x4)
 *(.rodata)
 .rodata        0x0000000008002280       0x28 Application/User/main.o
 .rodata        0x00000000080022a8       0x18 Drivers/CMSIS/system_stm32f4xx.o
                0x00000000080022a8                AHBPrescTable
                0x00000000080022b8                APBPrescTable
 *(.rodata*)
 .rodata.str1.4
                0x00000000080022c0       0x58 Application/User/main.o
 .rodata.str1.4
                0x0000000008002318        0x8 Middlewares/FreeRTOS/tasks.o
                                          0x5 (size before relaxing)
                0x0000000008002320                . = ALIGN (0x4)

.ARM.extab
 *(.ARM.extab* .gnu.linkonce.armextab.*)

.ARM            0x0000000008002320        0x8
                0x0000000008002320                __exidx_start = .
 *(.ARM.exidx*)
 .ARM.exidx     0x0000000008002320        0x8 /home/faoziaziz/Ac6/SystemWorkbench/plugins/fr.ac6.mcu.externaltools.arm-none.linux64_1.15.0.201708311556/tools/compiler/bin/../lib/gcc/arm-none-eabi/6.3.1/thumb/v7e-m/fpv4-sp/hard/libgcc.a(_udivmoddi4.o)
                0x0000000008002328                __exidx_end = .

.rel.dyn        0x0000000008002328        0x0
 .rel.iplt      0x0000000008002328        0x0 /home/faoziaziz/Ac6/SystemWorkbench/plugins/fr.ac6.mcu.externaltools.arm-none.linux64_1.15.0.201708311556/tools/compiler/bin/../lib/gcc/arm-none-eabi/6.3.1/thumb/v7e-m/fpv4-sp/hard/crtbegin.o

.preinit_array  0x0000000008002328        0x0
                0x0000000008002328                PROVIDE (__preinit_array_start, .)
 *(.preinit_array*)
                0x0000000008002328                PROVIDE (__preinit_array_end, .)

.init_array     0x0000000008002328        0x4
                0x0000000008002328                PROVIDE (__init_array_start, .)
 *(SORT(.init_array.*))
 *(.init_array*)
 .init_array    0x0000000008002328        0x4 /home/faoziaziz/Ac6/SystemWorkbench/plugins/fr.ac6.mcu.externaltools.arm-none.linux64_1.15.0.201708311556/tools/compiler/bin/../lib/gcc/arm-none-eabi/6.3.1/thumb/v7e-m/fpv4-sp/hard/crtbegin.o
                0x000000000800232c                PROVIDE (__init_array_end, .)

.fini_array     0x000000000800232c        0x4
                [!provide]                        PROVIDE (__fini_array_start, .)
 *(SORT(.fini_array.*))
 *(.fini_array*)
 .fini_array    0x000000000800232c        0x4 /home/faoziaziz/Ac6/SystemWorkbench/plugins/fr.ac6.mcu.externaltools.arm-none.linux64_1.15.0.201708311556/tools/compiler/bin/../lib/gcc/arm-none-eabi/6.3.1/thumb/v7e-m/fpv4-sp/hard/crtbegin.o
                [!provide]                        PROVIDE (__fini_array_end, .)
                0x0000000008002330                _sidata = LOADADDR (.data)

.data           0x0000000020000000       0x10 load address 0x0000000008002330
                0x0000000020000000                . = ALIGN (0x4)
                0x0000000020000000                _sdata = .
 *(.data)
 .data          0x0000000020000000        0x4 Drivers/CMSIS/system_stm32f4xx.o
                0x0000000020000000                SystemCoreClock
 .data          0x0000000020000004        0x8 Drivers/STM32F4xx_HAL_Driver/stm32f4xx_hal.o
                0x0000000020000004                uwTickFreq
                0x0000000020000008                uwTickPrio
 .data          0x000000002000000c        0x4 Middlewares/FreeRTOS/port.o
 *(.data*)
                0x0000000020000010                . = ALIGN (0x4)
                0x0000000020000010                _edata = .
                0x0000000008002340                _siccmram = LOADADDR (.ccmram)

.jcr            0x0000000020000010        0x0 load address 0x0000000008002340
 .jcr           0x0000000020000010        0x0 /home/faoziaziz/Ac6/SystemWorkbench/plugins/fr.ac6.mcu.externaltools.arm-none.linux64_1.15.0.201708311556/tools/compiler/bin/../lib/gcc/arm-none-eabi/6.3.1/thumb/v7e-m/fpv4-sp/hard/crtbegin.o

.igot.plt       0x0000000020000010        0x0 load address 0x0000000008002340
 .igot.plt      0x0000000020000010        0x0 /home/faoziaziz/Ac6/SystemWorkbench/plugins/fr.ac6.mcu.externaltools.arm-none.linux64_1.15.0.201708311556/tools/compiler/bin/../lib/gcc/arm-none-eabi/6.3.1/thumb/v7e-m/fpv4-sp/hard/crtbegin.o

.ccmram         0x0000000010000000        0x0 load address 0x0000000008002340
                0x0000000010000000                . = ALIGN (0x4)
                0x0000000010000000                _sccmram = .
 *(.ccmram)
 *(.ccmram*)
                0x0000000010000000                . = ALIGN (0x4)
                0x0000000010000000                _eccmram = .
                0x0000000010000000                . = ALIGN (0x4)

.bss            0x0000000020000010     0x3db4
                0x0000000020000010                _sbss = .
                0x0000000020000010                __bss_start__ = _sbss
 *(.bss)
 .bss           0x0000000020000010       0x1c /home/faoziaziz/Ac6/SystemWorkbench/plugins/fr.ac6.mcu.externaltools.arm-none.linux64_1.15.0.201708311556/tools/compiler/bin/../lib/gcc/arm-none-eabi/6.3.1/thumb/v7e-m/fpv4-sp/hard/crtbegin.o
 .bss           0x000000002000002c     0x3c18 Middlewares/FreeRTOS/heap_4.o
 .bss           0x0000000020003c44        0x8 Middlewares/FreeRTOS/port.o
 .bss           0x0000000020003c4c      0x12c Middlewares/FreeRTOS/tasks.o
                0x0000000020003d4c                pxCurrentTCB
 *(.bss*)
 *(COMMON)
 COMMON         0x0000000020003d78       0x48 Application/User/main.o
                0x0000000020003d78                defaultTaskHandle
                0x0000000020003d7c                LedKedipHandle
                0x0000000020003d80                huart1
 COMMON         0x0000000020003dc0        0x4 Drivers/STM32F4xx_HAL_Driver/stm32f4xx_hal.o
                0x0000000020003dc0                uwTick
                0x0000000020003dc4                . = ALIGN (0x4)
                0x0000000020003dc4                _ebss = .
                0x0000000020003dc4                __bss_end__ = _ebss

._user_heap_stack
                0x0000000020003dc4      0x604
                0x0000000020003dc8                . = ALIGN (0x8)
 *fill*         0x0000000020003dc4        0x4 
                [!provide]                        PROVIDE (end, .)
                [!provide]                        PROVIDE (_end, .)
                0x0000000020003fc8                . = (. + _Min_Heap_Size)
 *fill*         0x0000000020003dc8      0x200 
                0x00000000200043c8                . = (. + _Min_Stack_Size)
 *fill*         0x0000000020003fc8      0x400 
                0x00000000200043c8                . = ALIGN (0x8)

/DISCARD/
 libc.a(*)
 libm.a(*)
 libgcc.a(*)

.ARM.attributes
                0x0000000000000000       0x30
 *(.ARM.attributes)
 .ARM.attributes
                0x0000000000000000       0x22 /home/faoziaziz/Ac6/SystemWorkbench/plugins/fr.ac6.mcu.externaltools.arm-none.linux64_1.15.0.201708311556/tools/compiler/bin/../lib/gcc/arm-none-eabi/6.3.1/thumb/v7e-m/fpv4-sp/hard/crti.o
 .ARM.attributes
                0x0000000000000022       0x34 /home/faoziaziz/Ac6/SystemWorkbench/plugins/fr.ac6.mcu.externaltools.arm-none.linux64_1.15.0.201708311556/tools/compiler/bin/../lib/gcc/arm-none-eabi/6.3.1/thumb/v7e-m/fpv4-sp/hard/crtbegin.o
 .ARM.attributes
                0x0000000000000056       0x21 Application/SW4STM32/startup_stm32f407xx.o
 .ARM.attributes
                0x0000000000000077       0x39 Application/User/main.o
 .ARM.attributes
                0x00000000000000b0       0x39 Application/User/stm32f4xx_hal_msp.o
 .ARM.attributes
                0x00000000000000e9       0x39 Application/User/stm32f4xx_it.o
 .ARM.attributes
                0x0000000000000122       0x39 Drivers/CMSIS/system_stm32f4xx.o
 .ARM.attributes
                0x000000000000015b       0x39 Drivers/STM32F4xx_HAL_Driver/stm32f4xx_hal.o
 .ARM.attributes
                0x0000000000000194       0x39 Drivers/STM32F4xx_HAL_Driver/stm32f4xx_hal_cortex.o
 .ARM.attributes
                0x00000000000001cd       0x39 Drivers/STM32F4xx_HAL_Driver/stm32f4xx_hal_gpio.o
 .ARM.attributes
                0x0000000000000206       0x39 Drivers/STM32F4xx_HAL_Driver/stm32f4xx_hal_rcc.o
 .ARM.attributes
                0x000000000000023f       0x39 Drivers/STM32F4xx_HAL_Driver/stm32f4xx_hal_uart.o
 .ARM.attributes
                0x0000000000000278       0x39 Middlewares/FreeRTOS/cmsis_os.o
 .ARM.attributes
                0x00000000000002b1       0x39 Middlewares/FreeRTOS/heap_4.o
 .ARM.attributes
                0x00000000000002ea       0x39 Middlewares/FreeRTOS/list.o
 .ARM.attributes
                0x0000000000000323       0x39 Middlewares/FreeRTOS/port.o
 .ARM.attributes
                0x000000000000035c       0x39 Middlewares/FreeRTOS/tasks.o
 .ARM.attributes
                0x0000000000000395       0x22 /home/faoziaziz/Ac6/SystemWorkbench/plugins/fr.ac6.mcu.externaltools.arm-none.linux64_1.15.0.201708311556/tools/compiler/bin/../lib/gcc/arm-none-eabi/6.3.1/thumb/v7e-m/fpv4-sp/hard/libgcc.a(_aeabi_uldivmod.o)
 .ARM.attributes
                0x00000000000003b7       0x34 /home/faoziaziz/Ac6/SystemWorkbench/plugins/fr.ac6.mcu.externaltools.arm-none.linux64_1.15.0.201708311556/tools/compiler/bin/../lib/gcc/arm-none-eabi/6.3.1/thumb/v7e-m/fpv4-sp/hard/libgcc.a(_udivmoddi4.o)
 .ARM.attributes
                0x00000000000003eb       0x22 /home/faoziaziz/Ac6/SystemWorkbench/plugins/fr.ac6.mcu.externaltools.arm-none.linux64_1.15.0.201708311556/tools/compiler/bin/../lib/gcc/arm-none-eabi/6.3.1/thumb/v7e-m/fpv4-sp/hard/libgcc.a(_dvmd_tls.o)
 .ARM.attributes
                0x000000000000040d       0x34 /home/faoziaziz/Ac6/SystemWorkbench/plugins/fr.ac6.mcu.externaltools.arm-none.linux64_1.15.0.201708311556/tools/compiler/bin/../lib/gcc/arm-none-eabi/6.3.1/../../../../arm-none-eabi/lib/thumb/v7e-m/fpv4-sp/hard/libc_nano.a(lib_a-init.o)
 .ARM.attributes
                0x0000000000000441       0x22 /home/faoziaziz/Ac6/SystemWorkbench/plugins/fr.ac6.mcu.externaltools.arm-none.linux64_1.15.0.201708311556/tools/compiler/bin/../lib/gcc/arm-none-eabi/6.3.1/thumb/v7e-m/fpv4-sp/hard/crtn.o
OUTPUT(Asterix.elf elf32-littlearm)

.debug_line     0x0000000000000000     0x8dcb
 .debug_line    0x0000000000000000       0xb1 Application/SW4STM32/startup_stm32f407xx.o
 .debug_line    0x00000000000000b1      0xacc Application/User/main.o
 .debug_line    0x0000000000000b7d      0x855 Application/User/stm32f4xx_hal_msp.o
 .debug_line    0x00000000000013d2      0xa9c Application/User/stm32f4xx_it.o
 .debug_line    0x0000000000001e6e      0x850 Drivers/CMSIS/system_stm32f4xx.o
 .debug_line    0x00000000000026be      0xa00 Drivers/STM32F4xx_HAL_Driver/stm32f4xx_hal.o
 .debug_line    0x00000000000030be      0xa3c Drivers/STM32F4xx_HAL_Driver/stm32f4xx_hal_cortex.o
 .debug_line    0x0000000000003afa      0x9b0 Drivers/STM32F4xx_HAL_Driver/stm32f4xx_hal_gpio.o
 .debug_line    0x00000000000044aa      0xa8a Drivers/STM32F4xx_HAL_Driver/stm32f4xx_hal_rcc.o
 .debug_line    0x0000000000004f34     0x112a Drivers/STM32F4xx_HAL_Driver/stm32f4xx_hal_uart.o
 .debug_line    0x000000000000605e      0xc4f Middlewares/FreeRTOS/cmsis_os.o
 .debug_line    0x0000000000006cad      0x6ae Middlewares/FreeRTOS/heap_4.o
 .debug_line    0x000000000000735b      0x5fc Middlewares/FreeRTOS/list.o
 .debug_line    0x0000000000007957      0x60b Middlewares/FreeRTOS/port.o
 .debug_line    0x0000000000007f62      0xe69 Middlewares/FreeRTOS/tasks.o

.debug_info     0x0000000000000000    0x117e1
 .debug_info    0x0000000000000000       0xc2 Application/SW4STM32/startup_stm32f407xx.o
 .debug_info    0x00000000000000c2     0x18e1 Application/User/main.o
 .debug_info    0x00000000000019a3     0x142e Application/User/stm32f4xx_hal_msp.o
 .debug_info    0x0000000000002dd1      0x9e8 Application/User/stm32f4xx_it.o
 .debug_info    0x00000000000037b9      0xd30 Drivers/CMSIS/system_stm32f4xx.o
 .debug_info    0x00000000000044e9     0x11dc Drivers/STM32F4xx_HAL_Driver/stm32f4xx_hal.o
 .debug_info    0x00000000000056c5     0x175a Drivers/STM32F4xx_HAL_Driver/stm32f4xx_hal_cortex.o
 .debug_info    0x0000000000006e1f      0xf97 Drivers/STM32F4xx_HAL_Driver/stm32f4xx_hal_gpio.o
 .debug_info    0x0000000000007db6     0x125f Drivers/STM32F4xx_HAL_Driver/stm32f4xx_hal_rcc.o
 .debug_info    0x0000000000009015     0x1f1d Drivers/STM32F4xx_HAL_Driver/stm32f4xx_hal_uart.o
 .debug_info    0x000000000000af32     0x231d Middlewares/FreeRTOS/cmsis_os.o
 .debug_info    0x000000000000d24f      0xc74 Middlewares/FreeRTOS/heap_4.o
 .debug_info    0x000000000000dec3      0xad0 Middlewares/FreeRTOS/list.o
 .debug_info    0x000000000000e993      0x530 Middlewares/FreeRTOS/port.o
 .debug_info    0x000000000000eec3     0x291e Middlewares/FreeRTOS/tasks.o

.debug_abbrev   0x0000000000000000     0x27db
 .debug_abbrev  0x0000000000000000       0x12 Application/SW4STM32/startup_stm32f407xx.o
 .debug_abbrev  0x0000000000000012      0x2df Application/User/main.o
 .debug_abbrev  0x00000000000002f1      0x252 Application/User/stm32f4xx_hal_msp.o
 .debug_abbrev  0x0000000000000543      0x1f8 Application/User/stm32f4xx_it.o
 .debug_abbrev  0x000000000000073b      0x205 Drivers/CMSIS/system_stm32f4xx.o
 .debug_abbrev  0x0000000000000940      0x2e3 Drivers/STM32F4xx_HAL_Driver/stm32f4xx_hal.o
 .debug_abbrev  0x0000000000000c23      0x3d4 Drivers/STM32F4xx_HAL_Driver/stm32f4xx_hal_cortex.o
 .debug_abbrev  0x0000000000000ff7      0x2a5 Drivers/STM32F4xx_HAL_Driver/stm32f4xx_hal_gpio.o
 .debug_abbrev  0x000000000000129c      0x331 Drivers/STM32F4xx_HAL_Driver/stm32f4xx_hal_rcc.o
 .debug_abbrev  0x00000000000015cd      0x342 Drivers/STM32F4xx_HAL_Driver/stm32f4xx_hal_uart.o
 .debug_abbrev  0x000000000000190f      0x3ce Middlewares/FreeRTOS/cmsis_os.o
 .debug_abbrev  0x0000000000001cdd      0x316 Middlewares/FreeRTOS/heap_4.o
 .debug_abbrev  0x0000000000001ff3      0x21a Middlewares/FreeRTOS/list.o
 .debug_abbrev  0x000000000000220d      0x203 Middlewares/FreeRTOS/port.o
 .debug_abbrev  0x0000000000002410      0x3cb Middlewares/FreeRTOS/tasks.o

.debug_aranges  0x0000000000000000      0x9d0
 .debug_aranges
                0x0000000000000000       0x28 Application/SW4STM32/startup_stm32f407xx.o
 .debug_aranges
                0x0000000000000028       0x50 Application/User/main.o
 .debug_aranges
                0x0000000000000078       0x30 Application/User/stm32f4xx_hal_msp.o
 .debug_aranges
                0x00000000000000a8       0x50 Application/User/stm32f4xx_it.o
 .debug_aranges
                0x00000000000000f8       0x28 Drivers/CMSIS/system_stm32f4xx.o
 .debug_aranges
                0x0000000000000120       0xe0 Drivers/STM32F4xx_HAL_Driver/stm32f4xx_hal.o
 .debug_aranges
                0x0000000000000200       0xa8 Drivers/STM32F4xx_HAL_Driver/stm32f4xx_hal_cortex.o
 .debug_aranges
                0x00000000000002a8       0x58 Drivers/STM32F4xx_HAL_Driver/stm32f4xx_hal_gpio.o
 .debug_aranges
                0x0000000000000300       0x88 Drivers/STM32F4xx_HAL_Driver/stm32f4xx_hal_rcc.o
 .debug_aranges
                0x0000000000000388      0x1d0 Drivers/STM32F4xx_HAL_Driver/stm32f4xx_hal_uart.o
 .debug_aranges
                0x0000000000000558      0x1d8 Middlewares/FreeRTOS/cmsis_os.o
 .debug_aranges
                0x0000000000000730       0x50 Middlewares/FreeRTOS/heap_4.o
 .debug_aranges
                0x0000000000000780       0x40 Middlewares/FreeRTOS/list.o
 .debug_aranges
                0x00000000000007c0       0x80 Middlewares/FreeRTOS/port.o
 .debug_aranges
                0x0000000000000840      0x190 Middlewares/FreeRTOS/tasks.o

.debug_ranges   0x0000000000000000      0xa00
 .debug_ranges  0x0000000000000000       0x20 Application/SW4STM32/startup_stm32f407xx.o
 .debug_ranges  0x0000000000000020       0x40 Application/User/main.o
 .debug_ranges  0x0000000000000060       0x20 Application/User/stm32f4xx_hal_msp.o
 .debug_ranges  0x0000000000000080       0x40 Application/User/stm32f4xx_it.o
 .debug_ranges  0x00000000000000c0       0x18 Drivers/CMSIS/system_stm32f4xx.o
 .debug_ranges  0x00000000000000d8       0xd0 Drivers/STM32F4xx_HAL_Driver/stm32f4xx_hal.o
 .debug_ranges  0x00000000000001a8       0xf8 Drivers/STM32F4xx_HAL_Driver/stm32f4xx_hal_cortex.o
 .debug_ranges  0x00000000000002a0       0x48 Drivers/STM32F4xx_HAL_Driver/stm32f4xx_hal_gpio.o
 .debug_ranges  0x00000000000002e8       0x90 Drivers/STM32F4xx_HAL_Driver/stm32f4xx_hal_rcc.o
 .debug_ranges  0x0000000000000378      0x1c0 Drivers/STM32F4xx_HAL_Driver/stm32f4xx_hal_uart.o
 .debug_ranges  0x0000000000000538      0x1c8 Middlewares/FreeRTOS/cmsis_os.o
 .debug_ranges  0x0000000000000700       0x40 Middlewares/FreeRTOS/heap_4.o
 .debug_ranges  0x0000000000000740       0x30 Middlewares/FreeRTOS/list.o
 .debug_ranges  0x0000000000000770       0x88 Middlewares/FreeRTOS/port.o
 .debug_ranges  0x00000000000007f8      0x208 Middlewares/FreeRTOS/tasks.o

.debug_loc      0x0000000000000000     0x4e93
 .debug_loc     0x0000000000000000       0x42 Application/User/main.o
 .debug_loc     0x0000000000000042       0x5b Application/User/stm32f4xx_hal_msp.o
 .debug_loc     0x000000000000009d      0x13e Drivers/CMSIS/system_stm32f4xx.o
 .debug_loc     0x00000000000001db      0x108 Drivers/STM32F4xx_HAL_Driver/stm32f4xx_hal.o
 .debug_loc     0x00000000000002e3      0x5ce Drivers/STM32F4xx_HAL_Driver/stm32f4xx_hal_cortex.o
 .debug_loc     0x00000000000008b1      0x3fd Drivers/STM32F4xx_HAL_Driver/stm32f4xx_hal_gpio.o
 .debug_loc     0x0000000000000cae      0x3e6 Drivers/STM32F4xx_HAL_Driver/stm32f4xx_hal_rcc.o
 .debug_loc     0x0000000000001094     0x1532 Drivers/STM32F4xx_HAL_Driver/stm32f4xx_hal_uart.o
 .debug_loc     0x00000000000025c6      0xfe2 Middlewares/FreeRTOS/cmsis_os.o
 .debug_loc     0x00000000000035a8      0x291 Middlewares/FreeRTOS/heap_4.o
 .debug_loc     0x0000000000003839       0x70 Middlewares/FreeRTOS/list.o
 .debug_loc     0x00000000000038a9      0x104 Middlewares/FreeRTOS/port.o
 .debug_loc     0x00000000000039ad     0x14e6 Middlewares/FreeRTOS/tasks.o

.debug_macro    0x0000000000000000    0x1ff7a
 .debug_macro   0x0000000000000000      0x3b8 Application/User/main.o
 .debug_macro   0x00000000000003b8      0x17a Application/User/main.o
 .debug_macro   0x0000000000000532       0x32 Application/User/main.o
 .debug_macro   0x0000000000000564       0x2f Application/User/main.o
 .debug_macro   0x0000000000000593       0x35 Application/User/main.o
 .debug_macro   0x00000000000005c8       0x50 Application/User/main.o
 .debug_macro   0x0000000000000618      0xe66 Application/User/main.o
 .debug_macro   0x000000000000147e    0x15d08 Application/User/main.o
 .debug_macro   0x0000000000017186       0x43 Application/User/main.o
 .debug_macro   0x00000000000171c9     0x3535 Application/User/main.o
 .debug_macro   0x000000000001a6fe       0x58 Application/User/main.o
 .debug_macro   0x000000000001a756       0x35 Application/User/main.o
 .debug_macro   0x000000000001a78b       0x9c Application/User/main.o
 .debug_macro   0x000000000001a827       0x16 Application/User/main.o
 .debug_macro   0x000000000001a83d       0x97 Application/User/main.o
 .debug_macro   0x000000000001a8d4      0x330 Application/User/main.o
 .debug_macro   0x000000000001ac04       0xfd Application/User/main.o
 .debug_macro   0x000000000001ad01       0x10 Application/User/main.o
 .debug_macro   0x000000000001ad11       0x58 Application/User/main.o
 .debug_macro   0x000000000001ad69       0x1f Application/User/main.o
 .debug_macro   0x000000000001ad88       0x43 Application/User/main.o
 .debug_macro   0x000000000001adcb       0x20 Application/User/main.o
 .debug_macro   0x000000000001adeb      0x187 Application/User/main.o
 .debug_macro   0x000000000001af72       0x10 Application/User/main.o
 .debug_macro   0x000000000001af82       0x1c Application/User/main.o
 .debug_macro   0x000000000001af9e       0x52 Application/User/main.o
 .debug_macro   0x000000000001aff0       0x40 Application/User/main.o
 .debug_macro   0x000000000001b030       0x10 Application/User/main.o
 .debug_macro   0x000000000001b040       0x40 Application/User/main.o
 .debug_macro   0x000000000001b080       0xd7 Application/User/main.o
 .debug_macro   0x000000000001b157       0x16 Application/User/main.o
 .debug_macro   0x000000000001b16d      0x18b Application/User/main.o
 .debug_macro   0x000000000001b2f8       0x50 Application/User/main.o
 .debug_macro   0x000000000001b348      0x96b Application/User/main.o
 .debug_macro   0x000000000001bcb3      0xa02 Application/User/main.o
 .debug_macro   0x000000000001c6b5      0x11e Application/User/main.o
 .debug_macro   0x000000000001c7d3      0x13e Application/User/main.o
 .debug_macro   0x000000000001c911       0x27 Application/User/main.o
 .debug_macro   0x000000000001c938      0x287 Application/User/main.o
 .debug_macro   0x000000000001cbbf       0x5f Application/User/main.o
 .debug_macro   0x000000000001cc1e      0x23a Application/User/main.o
 .debug_macro   0x000000000001ce58      0x133 Application/User/main.o
 .debug_macro   0x000000000001cf8b      0x21e Application/User/main.o
 .debug_macro   0x000000000001d1a9       0x2e Application/User/main.o
 .debug_macro   0x000000000001d1d7      0x11e Application/User/main.o
 .debug_macro   0x000000000001d2f5       0x7f Application/User/main.o
 .debug_macro   0x000000000001d374       0x89 Application/User/main.o
 .debug_macro   0x000000000001d3fd      0x287 Application/User/main.o
 .debug_macro   0x000000000001d684      0x134 Application/User/main.o
 .debug_macro   0x000000000001d7b8       0xd8 Application/User/main.o
 .debug_macro   0x000000000001d890       0x91 Application/User/main.o
 .debug_macro   0x000000000001d921       0x94 Application/User/main.o
 .debug_macro   0x000000000001d9b5       0x63 Application/User/main.o
 .debug_macro   0x000000000001da18       0x19 Application/User/main.o
 .debug_macro   0x000000000001da31       0xcf Application/User/main.o
 .debug_macro   0x000000000001db00      0x300 Application/User/stm32f4xx_hal_msp.o
 .debug_macro   0x000000000001de00      0x3be Application/User/stm32f4xx_it.o
 .debug_macro   0x000000000001e1be      0x306 Drivers/CMSIS/system_stm32f4xx.o
 .debug_macro   0x000000000001e4c4      0x360 Drivers/STM32F4xx_HAL_Driver/stm32f4xx_hal.o
 .debug_macro   0x000000000001e824      0x300 Drivers/STM32F4xx_HAL_Driver/stm32f4xx_hal_cortex.o
 .debug_macro   0x000000000001eb24      0x338 Drivers/STM32F4xx_HAL_Driver/stm32f4xx_hal_gpio.o
 .debug_macro   0x000000000001ee5c      0x324 Drivers/STM32F4xx_HAL_Driver/stm32f4xx_hal_rcc.o
 .debug_macro   0x000000000001f180      0x301 Drivers/STM32F4xx_HAL_Driver/stm32f4xx_hal_uart.o
 .debug_macro   0x000000000001f481      0x1f3 Middlewares/FreeRTOS/cmsis_os.o
 .debug_macro   0x000000000001f674       0x52 Middlewares/FreeRTOS/cmsis_os.o
 .debug_macro   0x000000000001f6c6       0x8d Middlewares/FreeRTOS/cmsis_os.o
 .debug_macro   0x000000000001f753       0x57 Middlewares/FreeRTOS/cmsis_os.o
 .debug_macro   0x000000000001f7aa       0x10 Middlewares/FreeRTOS/cmsis_os.o
 .debug_macro   0x000000000001f7ba       0x35 Middlewares/FreeRTOS/cmsis_os.o
 .debug_macro   0x000000000001f7ef       0x26 Middlewares/FreeRTOS/cmsis_os.o
 .debug_macro   0x000000000001f815      0x1b2 Middlewares/FreeRTOS/heap_4.o
 .debug_macro   0x000000000001f9c7      0x18b Middlewares/FreeRTOS/list.o
 .debug_macro   0x000000000001fb52      0x1ad Middlewares/FreeRTOS/port.o
 .debug_macro   0x000000000001fcff      0x26a Middlewares/FreeRTOS/tasks.o
 .debug_macro   0x000000000001ff69       0x11 Middlewares/FreeRTOS/tasks.o

.debug_str      0x0000000000000000    0xc3ca6
 .debug_str     0x0000000000000000    0xbff62 Application/User/main.o
                                      0xc02ec (size before relaxing)
 .debug_str     0x00000000000bff62       0xaf Application/User/stm32f4xx_hal_msp.o
                                      0xbad28 (size before relaxing)
 .debug_str     0x00000000000c0011       0xeb Application/User/stm32f4xx_it.o
                                      0xbf520 (size before relaxing)
 .debug_str     0x00000000000c00fc       0xf0 Drivers/CMSIS/system_stm32f4xx.o
                                      0xba3ee (size before relaxing)
 .debug_str     0x00000000000c01ec      0x5f7 Drivers/STM32F4xx_HAL_Driver/stm32f4xx_hal.o
                                      0xbaf5d (size before relaxing)
 .debug_str     0x00000000000c07e3      0x37b Drivers/STM32F4xx_HAL_Driver/stm32f4xx_hal_cortex.o
                                      0xbac9f (size before relaxing)
 .debug_str     0x00000000000c0b5e      0x1fa Drivers/STM32F4xx_HAL_Driver/stm32f4xx_hal_gpio.o
                                      0xba632 (size before relaxing)
 .debug_str     0x00000000000c0d58      0x245 Drivers/STM32F4xx_HAL_Driver/stm32f4xx_hal_rcc.o
                                      0xba7fc (size before relaxing)
 .debug_str     0x00000000000c0f9d      0x575 Drivers/STM32F4xx_HAL_Driver/stm32f4xx_hal_uart.o
                                      0xbac77 (size before relaxing)
 .debug_str     0x00000000000c1512      0xa26 Middlewares/FreeRTOS/cmsis_os.o
                                       0xc35b (size before relaxing)
 .debug_str     0x00000000000c1f38      0x3c6 Middlewares/FreeRTOS/heap_4.o
                                       0x9d38 (size before relaxing)
 .debug_str     0x00000000000c22fe      0x16e Middlewares/FreeRTOS/list.o
                                       0x95f8 (size before relaxing)
 .debug_str     0x00000000000c246c      0x841 Middlewares/FreeRTOS/port.o
                                       0x764b (size before relaxing)
 .debug_str     0x00000000000c2cad      0xff9 Middlewares/FreeRTOS/tasks.o
                                       0xb67e (size before relaxing)

.comment        0x0000000000000000       0x7f
 .comment       0x0000000000000000       0x7f Application/User/main.o
                                         0x80 (size before relaxing)
 .comment       0x000000000000007f       0x80 Application/User/stm32f4xx_hal_msp.o
 .comment       0x000000000000007f       0x80 Application/User/stm32f4xx_it.o
 .comment       0x000000000000007f       0x80 Drivers/CMSIS/system_stm32f4xx.o
 .comment       0x000000000000007f       0x80 Drivers/STM32F4xx_HAL_Driver/stm32f4xx_hal.o
 .comment       0x000000000000007f       0x80 Drivers/STM32F4xx_HAL_Driver/stm32f4xx_hal_cortex.o
 .comment       0x000000000000007f       0x80 Drivers/STM32F4xx_HAL_Driver/stm32f4xx_hal_gpio.o
 .comment       0x000000000000007f       0x80 Drivers/STM32F4xx_HAL_Driver/stm32f4xx_hal_rcc.o
 .comment       0x000000000000007f       0x80 Drivers/STM32F4xx_HAL_Driver/stm32f4xx_hal_uart.o
 .comment       0x000000000000007f       0x80 Middlewares/FreeRTOS/cmsis_os.o
 .comment       0x000000000000007f       0x80 Middlewares/FreeRTOS/heap_4.o
 .comment       0x000000000000007f       0x80 Middlewares/FreeRTOS/list.o
 .comment       0x000000000000007f       0x80 Middlewares/FreeRTOS/port.o
 .comment       0x000000000000007f       0x80 Middlewares/FreeRTOS/tasks.o

.debug_frame    0x0000000000000000     0x1934
 .debug_frame   0x0000000000000000       0xc0 Application/User/main.o
 .debug_frame   0x00000000000000c0       0x5c Application/User/stm32f4xx_hal_msp.o
 .debug_frame   0x000000000000011c       0x88 Application/User/stm32f4xx_it.o
 .debug_frame   0x00000000000001a4       0x30 Drivers/CMSIS/system_stm32f4xx.o
 .debug_frame   0x00000000000001d4      0x1cc Drivers/STM32F4xx_HAL_Driver/stm32f4xx_hal.o
 .debug_frame   0x00000000000003a0      0x15c Drivers/STM32F4xx_HAL_Driver/stm32f4xx_hal_cortex.o
 .debug_frame   0x00000000000004fc       0xd0 Drivers/STM32F4xx_HAL_Driver/stm32f4xx_hal_gpio.o
 .debug_frame   0x00000000000005cc      0x174 Drivers/STM32F4xx_HAL_Driver/stm32f4xx_hal_rcc.o
 .debug_frame   0x0000000000000740      0x4e8 Drivers/STM32F4xx_HAL_Driver/stm32f4xx_hal_uart.o
 .debug_frame   0x0000000000000c28      0x584 Middlewares/FreeRTOS/cmsis_os.o
 .debug_frame   0x00000000000011ac       0xac Middlewares/FreeRTOS/heap_4.o
 .debug_frame   0x0000000000001258       0x6c Middlewares/FreeRTOS/list.o
 .debug_frame   0x00000000000012c4       0xfc Middlewares/FreeRTOS/port.o
 .debug_frame   0x00000000000013c0      0x4e8 Middlewares/FreeRTOS/tasks.o
 .debug_frame   0x00000000000018a8       0x2c /home/faoziaziz/Ac6/SystemWorkbench/plugins/fr.ac6.mcu.externaltools.arm-none.linux64_1.15.0.201708311556/tools/compiler/bin/../lib/gcc/arm-none-eabi/6.3.1/thumb/v7e-m/fpv4-sp/hard/libgcc.a(_aeabi_uldivmod.o)
 .debug_frame   0x00000000000018d4       0x34 /home/faoziaziz/Ac6/SystemWorkbench/plugins/fr.ac6.mcu.externaltools.arm-none.linux64_1.15.0.201708311556/tools/compiler/bin/../lib/gcc/arm-none-eabi/6.3.1/thumb/v7e-m/fpv4-sp/hard/libgcc.a(_udivmoddi4.o)
 .debug_frame   0x0000000000001908       0x2c /home/faoziaziz/Ac6/SystemWorkbench/plugins/fr.ac6.mcu.externaltools.arm-none.linux64_1.15.0.201708311556/tools/compiler/bin/../lib/gcc/arm-none-eabi/6.3.1/../../../../arm-none-eabi/lib/thumb/v7e-m/fpv4-sp/hard/libc_nano.a(lib_a-init.o)
